(node:40100) ExperimentalWarning: SQLite is an experimental feature and might change at any time
(Use `node --trace-warnings ...` to show where the warning was created)
node:events:485
      throw er; // Unhandled 'error' event
      ^

Error: listen EADDRINUSE: address already in use :::8787
    at Server.setupListenHandle [as _listen2] (node:net:1939:16)
    at listenInCluster (node:net:1996:12)
    at Server.listen (node:net:2101:7)
    at main (file:///D:/WH/Agent/GateTool/apps/server/src/index.js:54:10)
    at process.processTicksAndRejections (node:internal/process/task_queues:105:5)
Emitted 'error' event on WebSocketServer instance at:
    at Server.emit (node:events:507:28)
    at emitErrorNT (node:net:1975:8)
    at process.processTicksAndRejections (node:internal/process/task_queues:90:21) {
  code: 'EADDRINUSE',
  errno: -4091,
  syscall: 'listen',
  address: '::',
  port: 8787
}

Node.js v23.11.0
Assertion failed: !(handle->flags & UV_HANDLE_CLOSING), file c:\ws\deps\uv\src\win\async.c, line 76
